=== 馬名クリーニングのテストを開始します ===

テスト 1:
  入力: 'サトノダイヤモンド'
  期待: 'サトノダイヤモンド'
  結果: ✓ 成功

テスト 2:
  入力: ' サトノダイヤモンド '
  期待: 'サトノダイヤモンド'
  結果: ✓ 成功

テスト 3:
  入力: 'サトノダイヤモンド※'
  期待: 'サトノダイヤモンド'
  結果: ✓ 成功

テスト 4:
  入力: 'サトノダイヤモンド（牡3）'
  期待: 'サトノダイヤモンド'
  結果: ✓ 成功

テスト 5:
  入力: 'サトノ ダイヤモンド'
  期待: 'サトノ ダイヤモンド'
  結果: ✓ 成功

テスト 6:
  入力: 'サトノ\u3000ダイヤモンド'
  期待: 'サトノ ダイヤモンド'
  結果: ✓ 成功

テスト 7:
  入力: ''
  期待: '不明な馬'
  結果: ✓ 成功

テスト 8:
  入力: None
  期待: '不明な馬'
  結果: ✓ 成功

テスト 9:
  入力: 'AAAAAAAAAAAAAAAAAAAAAAAAAAAAAAAAAAAAAAAAAAAAAAAAAAAAAAAAAAAAAAAAAAAAAAAAAAAAAAAAAAAAAAAAAAAAAAAAAAAA'
  期待: 'AAAAAAAAAAAAAAAAAAAAAAAAAAAAAAAAAAAAAAAAAAAAAAAAAAAAAAAAAAAAAAAAAAAAAAAAAAAAAAAAAAAAAAAAAAAAAAAAAAAA'
  結果: ✓ 成功

=== テスト完了 ===
